// Jest Snapshot v1, https://goo.gl/fbAQLP

exports[`List component renders UI as expected 1`] = `
<ul
  className="list"
>
  <h2
    className="list-header"
  >
    PLACES IN : 
    LOCATION
  </h2>
</ul>
`;
