// Jest Snapshot v1, https://goo.gl/fbAQLP

exports[`List component renders UI as expected 1`] = `
<div
  className="auth"
>
  <div
    id="auth"
  >
    <h1>
      REGISTER 
    </h1>
    <div
      className="error"
    />
  </div>
  <div>
    <div>
      <form
        className="auth-form"
        onSubmit={[Function]}
      >
        <input
          className="form__field form__field3"
          id="fullname"
          onClick={[Function]}
          placeholder="fullname"
          type="input"
        />
        <br />
        <input
          className="form__field form__field3"
          id="username"
          onClick={[Function]}
          placeholder="username"
          type="input"
        />
        <br />
        <input
          className="form__field form__field3"
          id="password"
          onClick={[Function]}
          placeholder="password"
          type="password"
        />
        <button
          type="submit"
        >
          Submit
        </button>
        <button
          className="login-button"
          onClick={[Function]}
          type="reset"
        >
          Cancel
        </button>
      </form>
    </div>
  </div>
</div>
`;
